[bean-perfume.mysapo.net/index.html]
[backblue.gif]
[fade.gif]
[index.html]
[bizweb.dktcdn.net/100/503/826/themes/932476/assets/logo02fb.png]
[bizweb.dktcdn.net/100/503/826/themes/932476/assets/favicon02fb.png]
[bizweb.dktcdn.net/100/503/826/themes/932476/assets/lazy02fb.js]
[bizweb.dktcdn.net/100/503/826/themes/932476/assets/main.scss02fb.css]
[bizweb.dktcdn.net/100/503/826/themes/932476/assets/index.scss02fb.css]
[bizweb.dktcdn.net/100/503/826/themes/932476/assets/bootstrap-4-3-min02fb.css]
[bizweb.dktcdn.net/100/503/826/themes/932476/assets/swiper.scss02fb.css]
[bizweb.dktcdn.net/100/503/826/themes/932476/assets/quickviews_popup_cart.scss02fb.css]
[bean-perfume.mysapo.net/s.a.delayed]
[bizweb.dktcdn.net/100/503/826/themes/932476/assets/jquery02fb.js]
[bizweb.dktcdn.net/100/503/826/themes/932476/assets/swiper02fb.js]
[bean-perfume.mysapo.net/dist/js/stats.min8612.js]
[bean-perfume.mysapo.net/he-thong-cua-hang.html]
[bean-perfume.mysapo.net/gioi-thieu.html]
[bean-perfume.mysapo.net/thuong-hieu.html]
[bean-perfume.mysapo.net/afnan.html]
[bean-perfume.mysapo.net/ariana-grande.html]
[bean-perfume.mysapo.net/alfred-dunhill.html]
[bean-perfume.mysapo.net/armaf.html]
[bean-perfume.mysapo.net/bond-no-9.html]
[bean-perfume.mysapo.net/balmain.html]
[bean-perfume.mysapo.net/byredo.html]
[bean-perfume.mysapo.net/burberry.html]
[bean-perfume.mysapo.net/chopard.html]
[bean-perfume.mysapo.net/cartier.html]
[bean-perfume.mysapo.net/christian-dior.html]
[bean-perfume.mysapo.net/calvin-klein.html]
[bean-perfume.mysapo.net/diesel.html]
[bean-perfume.mysapo.net/diptyque.html]
[bean-perfume.mysapo.net/donna-karan.html]
[bean-perfume.mysapo.net/davidoff.html]
[bean-perfume.mysapo.net/collections/all.html]
[bizweb.dktcdn.net/100/503/826/themes/932476/assets/lazy02fb.png]
[bean-perfume.mysapo.net/nuoc-hoa-nam.html]
[bean-perfume.mysapo.net/nuoc-hoa-nu.html]
[bean-perfume.mysapo.net/nuoc-hoa-unisex.html]
[bean-perfume.mysapo.net/tin-tuc.html]
[bean-perfume.mysapo.net/lien-he.html]
[bean-perfume.mysapo.net/account/register.html]
[bean-perfume.mysapo.net/account/login.html]
[bean-perfume.mysapo.net/san-pham-yeu-thich.html]
[bean-perfume.mysapo.net/cart.html]
[bean-perfume.mysapo.net/unisex-creed-millesime-imperial.html]
[bean-perfume.mysapo.net/nuoc-hoa-unisex-gucci-the-virgin-violet.html]
[bean-perfume.mysapo.net/gucci-bloom-ambrosia-di-fiori.html]
[bean-perfume.mysapo.net/calvin-klein-ck-one-gold.html]
[bizweb.dktcdn.net/100/503/826/themes/932476/assets/slider_102fb.jpg]
[bean-perfume.mysapo.net/nuoc-hoa-le-labo-santal-33.html]
[bizweb.dktcdn.net/thumb/large/100/503/826/themes/932476/assets/slider_102fb.jpg]
[bizweb.dktcdn.net/thumb/grande/100/503/826/themes/932476/assets/slider_102fb.jpg]
[bizweb.dktcdn.net/100/503/826/themes/932476/assets/slider_202fb.jpg]
[bizweb.dktcdn.net/thumb/large/100/503/826/themes/932476/assets/slider_202fb.jpg]
[bizweb.dktcdn.net/thumb/grande/100/503/826/themes/932476/assets/slider_202fb.jpg]
[bizweb.dktcdn.net/100/503/826/themes/932476/assets/bolt02fb.png]
[bean-perfume.mysapo.net/san-pham-khuyen-mai.html]
[bizweb.dktcdn.net/100/503/826/themes/932476/assets/bg_3banner_102fb.jpg]
[bean-perfume.mysapo.net/san-pham-noi-bat.html]
[bizweb.dktcdn.net/100/503/826/themes/932476/assets/bg_3banner_202fb.jpg]
[bizweb.dktcdn.net/100/503/826/themes/932476/assets/bg_3banner_302fb.jpg]
[bizweb.dktcdn.net/100/503/826/themes/932476/assets/bg_feedback02fb.jpg]
[bean-perfume.mysapo.net/mancera-cedrat-boise.html]
[bean-perfume.mysapo.net/dior-sauvage-eau-de-toilette.html]
[bean-perfume.mysapo.net/acqua-di-gio-eau-de-parfum.html]
[bean-perfume.mysapo.net/5-huong-nuoc-hoa-ngot-ngao-day-tinh-te-ghi-dau-an-kho-phai.html]
[bean-perfume.mysapo.net/khong-phai-toc-hay-co-day-moi-la-noi-ban-nen-xit-nuoc-hoa.html]
[bean-perfume.mysapo.net/cach-chon-nuoc-hoa-mua-he-phu-hop-cong-so.html]
[bean-perfume.mysapo.net/louis-vuitton-ra-mat-nuoc-hoa-pacific-chill-lay-cam-hung-tu-california.html]
[bean-perfume.mysapo.net/thanh-pho-nam-giu-cac-bi-mat-ve-hoa-va-huong-nuoc-hoa.html]
[bean-perfume.mysapo.net/5-cach-dung-nuoc-hoa-giup-luu-giu-huong-lau-trong-mua-lanh.html]
[bizweb.dktcdn.net/100/503/826/themes/932476/assets/bg_foo02fb.jpg]
[bean-perfume.mysapo.net/chinh-sach-thanh-vien.html]
[bean-perfume.mysapo.net/chinh-sach-thanh-toan.html]
[bean-perfume.mysapo.net/chinh-sach-doi-san-pham.html]
[bean-perfume.mysapo.net/chinh-sach-bao-mat.html]
[bean-perfume.mysapo.net/chinh-sach-cong-tac-vien.html]
[bean-perfume.mysapo.net/huong-dan-mua-hang.html]
[bean-perfume.mysapo.net/huong-dan-doi-tra.html]
[bean-perfume.mysapo.net/huong-dan-thanh-toan.html]
[bean-perfume.mysapo.net/chuong-trinh-cong-tac-vien.html]
[bean-perfume.mysapo.net/giai-dap-thac-mac.html]
[bizweb.dktcdn.net/100/503/826/themes/932476/assets/ajaxcart.scss02fb.css]
[bean-perfume.mysapo.net/cart.json]
[bizweb.dktcdn.net/thumb/compact/assets/themes_support/noimage.gif]
[bizweb.dktcdn.net/100/503/826/themes/932476/assets/quickview02fb.js]
[bizweb.dktcdn.net/100/503/826/themes/932476/assets/main02fb.js]
[bizweb.dktcdn.net/100/503/826/themes/932476/assets/index02fb.js]
[bizweb.dktcdn.net/100/503/826/themes/932476/assets/placeholdertypewriter02fb.js]
[bizweb.dktcdn.net/100/496/044/themes/927290/assets/vn1765.png]
[bizweb.dktcdn.net/100/496/044/themes/927290/assets/en1765.png]
[bean-perfume.mysapo.net/index.html]
[bizweb.dktcdn.net/100/503/826/themes/932476/assets/main.scss02fb.css]
[bizweb.dktcdn.net/100/503/826/themes/932476/assets/index.scss02fb.css]
[bizweb.dktcdn.net/100/503/826/themes/932476/assets/bootstrap-4-3-min02fb.css]
[bizweb.dktcdn.net/100/503/826/themes/932476/assets/swiper.scss02fb.css]
[bizweb.dktcdn.net/100/503/826/themes/932476/assets/quickviews_popup_cart.scss02fb.css]
[bean-perfume.mysapo.net/s.html]
[bean-perfume.mysapo.net/products/index.html]
[bizweb.dktcdn.net/100/503/826/themes/932476/assets/breadcrumb_style.scss02fb.css]
[bizweb.dktcdn.net/100/503/826/themes/932476/assets/paginate.scss02fb.css]
[bizweb.dktcdn.net/100/503/826/themes/932476/assets/style_page.scss02fb.css]
[bizweb.dktcdn.net/100/503/826/themes/932476/assets/hethong.scss02fb.css]
[bizweb.dktcdn.net/100/503/826/themes/932476/assets/tabletop02fb.js]
[bean-perfume.mysapo.net/he-thong-cua-hang.html]
[bizweb.dktcdn.net/100/503/826/themes/932476/assets/counterup02fb.js]
[bizweb.dktcdn.net/100/503/826/themes/932476/assets/allura-regularcb2b.ttf]
[bizweb.dktcdn.net/100/503/826/themes/932476/assets/waypoints02fb.js]
[bizweb.dktcdn.net/100/503/826/themes/932476/assets/bg_about_page02fb.jpg]
[bean-perfume.mysapo.net/gucci-bloom-for-her-mini-size.html]
[bean-perfume.mysapo.net/tommy-hilfiger-tommy-girl.html]
[bean-perfume.mysapo.net/gioi-thieu.html]
[bean-perfume.mysapo.net/gucci-flora-gorgeous-gardenia.html]
[bizweb.dktcdn.net/100/503/826/themes/932476/assets/jquery-listnav02fb.js]
[bean-perfume.mysapo.net/adidas.html]
[bean-perfume.mysapo.net/azzaro.html]
[bean-perfume.mysapo.net/amouage.html]
[bean-perfume.mysapo.net/alaia-paris.html]
[bean-perfume.mysapo.net/britney-spears.html]
[bean-perfume.mysapo.net/bvlgari.html]
[bean-perfume.mysapo.net/coach.html]
[bean-perfume.mysapo.net/creed.html]
[bean-perfume.mysapo.net/chloe.html]
[bean-perfume.mysapo.net/chanel.html]
[bean-perfume.mysapo.net/carolina-herrera.html]
[bean-perfume.mysapo.net/dolce-gabbana.html]
[bean-perfume.mysapo.net/elizabeth-taylor.html]
[bean-perfume.mysapo.net/etienne-aigner.html]
[bean-perfume.mysapo.net/elizabeth-arden.html]
[bean-perfume.mysapo.net/elie-saab.html]
[bean-perfume.mysapo.net/franck-boclet.html]
[bean-perfume.mysapo.net/ferrari.html]
[bean-perfume.mysapo.net/frederic-malle.html]
[bean-perfume.mysapo.net/geparlys.html]
[bean-perfume.mysapo.net/guess.html]
[bean-perfume.mysapo.net/givenchy.html]
[bean-perfume.mysapo.net/giorgio-armani.html]
[bean-perfume.mysapo.net/guerlain.html]
[bean-perfume.mysapo.net/hugo-boss.html]
[bizweb.dktcdn.net/100/503/826/themes/932476/assets/opensans-variablefont_wdth-wghtcb2b.ttf]
[bean-perfume.mysapo.net/hermes.html]
[bean-perfume.mysapo.net/initio-parfums-prives.html]
[bean-perfume.mysapo.net/issey-miyake.html]
[bean-perfume.mysapo.net/joop.html]
[bean-perfume.mysapo.net/jimmy-choo.html]
[bean-perfume.mysapo.net/john-varvatos.html]
[bean-perfume.mysapo.net/juicy-couture.html]
[bean-perfume.mysapo.net/jean-paul-gaultier.html]
[bean-perfume.mysapo.net/karl-lagerfeld.html]
[bean-perfume.mysapo.net/kilian.html]
[bean-perfume.mysapo.net/kenzo.html]
[bean-perfume.mysapo.net/lidl.html]
[bean-perfume.mysapo.net/lolita-lempicka.html]
[bean-perfume.mysapo.net/lady-gaga.html]
[bean-perfume.mysapo.net/lomani.html]
[bean-perfume.mysapo.net/louis-vuitton.html]
[bean-perfume.mysapo.net/le-labo.html]
[bean-perfume.mysapo.net/lanvin.html]
[bean-perfume.mysapo.net/memo-paris.html]
[bean-perfume.mysapo.net/monotheme.html]
[bean-perfume.mysapo.net/mancera.html]
[bean-perfume.mysapo.net/moschino.html]
[bean-perfume.mysapo.net/thuong-hieu.html]
[bean-perfume.mysapo.net/maison-margiela.html]
[bizweb.dktcdn.net/100/503/826/themes/932476/assets/sidebar_style.scss02fb.css]
[bizweb.dktcdn.net/100/503/826/themes/932476/assets/collection_style.scss02fb.css]
[bizweb.dktcdn.net/100/503/826/themes/932476/assets/bg_collections02fb.jpg]
[bean-perfume.mysapo.net/marc-jacobs-daisy-dream.html]
[bizweb.dktcdn.net/100/503/826/themes/932476/assets/jquery-ui-min.scss02fb.css]
[cdnjs.cloudflare.com/ajax/libs/jqueryui-touch-punch/0.2.3/jquery.ui.touch-punch.min.js]
[bean-perfume.mysapo.net/afnan.html]
[bizweb.dktcdn.net/100/503/826/themes/932476/assets/search_filter02fb.js]
[bizweb.dktcdn.net/100/503/826/themes/932476/assets/jquery-ui-min02fb.js]
[bizweb.dktcdn.net/100/503/826/themes/932476/assets/col02fb.js]
[bean-perfume.mysapo.net/ariana-grande.html]
[bean-perfume.mysapo.net/alfred-dunhill.html]
[bean-perfume.mysapo.net/armaf.html]
[bean-perfume.mysapo.net/bond-no-9.html]
[bean-perfume.mysapo.net/balmain.html]
[bean-perfume.mysapo.net/byredo.html]
[bean-perfume.mysapo.net/burberry.html]
[bean-perfume.mysapo.net/chopard.html]
[bean-perfume.mysapo.net/cartier.html]
[bean-perfume.mysapo.net/christian-dior.html]
[bean-perfume.mysapo.net/calvin-klein.html]
[bean-perfume.mysapo.net/diesel.html]
[bean-perfume.mysapo.net/diptyque.html]
[bean-perfume.mysapo.net/donna-karan.html]
[bean-perfume.mysapo.net/davidoff.html]
[bizweb.dktcdn.net/100/503/826/files/nong-do-va-mui-huong-nuoc-hoae9d8.jpg]
[bizweb.dktcdn.net/100/503/826/themes/932476/assets/sortdown02fb.png]
[bean-perfume.mysapo.net/collections/all.html]
[bean-perfume.mysapo.net/nuoc-hoa-nam-ajmal-gray.html]
[bean-perfume.mysapo.net/nuoc-hoa-nam-ajmal-amaze.html]
[bean-perfume.mysapo.net/nuoc-hoa-nam-ajmal-vision.html]
[bean-perfume.mysapo.net/nuoc-hoa-jolie-dion-blue-60ml.html]
[bean-perfume.mysapo.net/nuoc-hoa-wisal-dhahab-spray.html]
[bean-perfume.mysapo.net/nuoc-hoa-nam.html]
[bean-perfume.mysapo.net/nuoc-hoa-entice-for-men.html]
[bean-perfume.mysapo.net/nuoc-hoa-evoke-for-women.html]
[bean-perfume.mysapo.net/nuoc-hoa-nu.html]
[bean-perfume.mysapo.net/nuoc-hoa-unisex.html]
[bean-perfume.mysapo.net/nuoc-hoa-elixir-precious-for-women.html]
[bizweb.dktcdn.net/100/503/826/themes/932476/assets/blog_article_style.scss02fb.css]
[bean-perfume.mysapo.net/tin-tuc.html]
[bean-perfume.mysapo.net/tin-tuc4658.html]
[bizweb.dktcdn.net/100/503/826/themes/932476/assets/contact_style.scss02fb.css]
[www.google.com/recaptcha/apif78f.js]
[bean-perfume.mysapo.net/lien-he.html]
[bizweb.dktcdn.net/100/503/826/themes/932476/assets/account_oder_style.scss02fb.css]
[bizweb.dktcdn.net/assets/themes_support/bizweb-api.js]
[bizweb.dktcdn.net/assets/themes_support/common.js]
[bean-perfume.mysapo.net/account/register.html]
[bean-perfume.mysapo.net/account/login.html]
[bizweb.dktcdn.net/assets/themes_support/customer.js]
[bean-perfume.mysapo.net/san-pham-yeu-thich.html]
[bizweb.dktcdn.net/100/503/826/themes/932476/assets/cartpage.scss02fb.css]
[bizweb.dktcdn.net/100/503/826/themes/932476/assets/sweetalert-min02fb.js]
[bizweb.dktcdn.net/100/503/826/themes/932476/assets/bootstrap-datepicker02fb.js]
[bean-perfume.mysapo.net/cart.html]
[bizweb.dktcdn.net/100/503/826/themes/932476/assets/cookie02fb.js]
[bizweb.dktcdn.net/thumb/grande/100/503/826/products/nuoc-hoa-unisex-creed-millesime-imperial-edp-100mlae72.png]
[bizweb.dktcdn.net/thumb/grande/100/503/826/products/nuoc-hoa-unisex-creed-millesime-imperial-edp-100ml-6209d460e9744-140220221102402e1c.jpg]
[bizweb.dktcdn.net/100/503/826/themes/932476/assets/product_style.scss02fb.css]
[bizweb.dktcdn.net/thumb/1024x1024/100/503/826/products/nuoc-hoa-unisex-creed-millesime-imperial-edp-100mlae72.png]
[bizweb.dktcdn.net/100/503/826/products/nuoc-hoa-unisex-creed-millesime-imperial-edp-100mlae72.png]
[bizweb.dktcdn.net/thumb/1024x1024/100/503/826/products/nuoc-hoa-unisex-creed-millesime-imperial-edp-100ml-6209d460e9744-140220221102402e1c.jpg]
[bizweb.dktcdn.net/100/503/826/products/nuoc-hoa-unisex-creed-millesime-imperial-edp-100ml-6209d460e9744-140220221102402e1c.jpg]
[bizweb.dktcdn.net/thumb/medium/100/503/826/products/nuoc-hoa-unisex-creed-millesime-imperial-edp-100mlae72.png]
[bizweb.dktcdn.net/thumb/medium/100/503/826/products/nuoc-hoa-unisex-creed-millesime-imperial-edp-100ml-6209d460e9744-140220221102402e1c.jpg]
[bizweb.dktcdn.net/100/503/826/themes/932476/assets/chinhsach_102fb.jpg]
[bizweb.dktcdn.net/100/503/826/themes/932476/assets/chinhsach_202fb.jpg]
[bizweb.dktcdn.net/100/503/826/themes/932476/assets/chinhsach_302fb.jpg]
[bean-perfume.mysapo.net/unisex-creed-millesime-imperial.html]
[bizweb.dktcdn.net/100/503/826/themes/932476/assets/picbox.scss02fb.css]
[bizweb.dktcdn.net/thumb/grande/100/503/826/products/nuoc-hoa-unisex-gucci-the-virgin-violet-edp-100ml8999.png]
[bizweb.dktcdn.net/100/503/826/themes/932476/assets/picbox02fb.js]
[bizweb.dktcdn.net/thumb/grande/100/503/826/products/nuoc-hoa-unisex-gucci-the-virgin-violet-edp-100ml-620a13ac6fd48-140220221532446503.jpg]
[bizweb.dktcdn.net/thumb/1024x1024/100/503/826/products/nuoc-hoa-unisex-gucci-the-virgin-violet-edp-100ml8999.png]
[bizweb.dktcdn.net/100/503/826/products/nuoc-hoa-unisex-gucci-the-virgin-violet-edp-100ml8999.png]
[bizweb.dktcdn.net/thumb/1024x1024/100/503/826/products/nuoc-hoa-unisex-gucci-the-virgin-violet-edp-100ml-620a13ac6fd48-140220221532446503.jpg]
[bizweb.dktcdn.net/100/503/826/products/nuoc-hoa-unisex-gucci-the-virgin-violet-edp-100ml-620a13ac6fd48-140220221532446503.jpg]
[bizweb.dktcdn.net/thumb/medium/100/503/826/products/nuoc-hoa-unisex-gucci-the-virgin-violet-edp-100ml8999.png]
[bizweb.dktcdn.net/thumb/medium/100/503/826/products/nuoc-hoa-unisex-gucci-the-virgin-violet-edp-100ml-620a13ac6fd48-140220221532446503.jpg]
[bean-perfume.mysapo.net/nuoc-hoa-unisex-gucci-the-virgin-violet.html]
[bizweb.dktcdn.net/thumb/grande/100/503/826/products/gucci-bloom-ambrosia-di-fiori-eabc18.png]
[bizweb.dktcdn.net/thumb/grande/100/503/826/products/gucci-bloom-ambrosia-di-fiori-ea26f7b.jpg]
[bizweb.dktcdn.net/thumb/grande/100/503/826/products/gucci-bloom-ambrosia-di-fiori-ea36025.jpg]
[bizweb.dktcdn.net/thumb/1024x1024/100/503/826/products/gucci-bloom-ambrosia-di-fiori-eabc18.png]
[bizweb.dktcdn.net/100/503/826/products/gucci-bloom-ambrosia-di-fiori-eabc18.png]
[bizweb.dktcdn.net/thumb/1024x1024/100/503/826/products/gucci-bloom-ambrosia-di-fiori-ea26f7b.jpg]
[bizweb.dktcdn.net/100/503/826/products/gucci-bloom-ambrosia-di-fiori-ea26f7b.jpg]
[bizweb.dktcdn.net/thumb/1024x1024/100/503/826/products/gucci-bloom-ambrosia-di-fiori-ea36025.jpg]
[bizweb.dktcdn.net/100/503/826/products/gucci-bloom-ambrosia-di-fiori-ea36025.jpg]
[bizweb.dktcdn.net/thumb/medium/100/503/826/products/gucci-bloom-ambrosia-di-fiori-eabc18.png]
[bizweb.dktcdn.net/thumb/medium/100/503/826/products/gucci-bloom-ambrosia-di-fiori-ea26f7b.jpg]
[bizweb.dktcdn.net/thumb/medium/100/503/826/products/gucci-bloom-ambrosia-di-fiori-ea36025.jpg]
[bean-perfume.mysapo.net/gucci-bloom-ambrosia-di-fiori.html]
[bizweb.dktcdn.net/thumb/grande/100/503/826/products/ck-one-gold-9cac464fd12640c28a22-min654e.png]
[bizweb.dktcdn.net/thumb/grande/100/503/826/products/ck-one-gold1-70ade88d216749e78074e11.jpg]
[bizweb.dktcdn.net/thumb/1024x1024/100/503/826/products/ck-one-gold-9cac464fd12640c28a22-min654e.png]
[bizweb.dktcdn.net/100/503/826/products/ck-one-gold-9cac464fd12640c28a22-min654e.png]
[bizweb.dktcdn.net/thumb/1024x1024/100/503/826/products/ck-one-gold1-70ade88d216749e78074e11.jpg]
[bizweb.dktcdn.net/100/503/826/products/ck-one-gold1-70ade88d216749e78074e11.jpg]
[bizweb.dktcdn.net/thumb/medium/100/503/826/products/ck-one-gold-9cac464fd12640c28a22-min654e.png]
[bizweb.dktcdn.net/thumb/medium/100/503/826/products/ck-one-gold1-70ade88d216749e78074e11.jpg]
[bean-perfume.mysapo.net/calvin-klein-ck-one-gold.html]
[bizweb.dktcdn.net/thumb/grande/100/503/826/products/le-labo-santal-33-fa66901a85514b-removebg-preview71cc.png]
[bizweb.dktcdn.net/thumb/grande/100/503/826/products/33-d9f061c0f4274058a85a4b5cbcb6971cc.jpg]
[bizweb.dktcdn.net/thumb/grande/100/503/826/products/le-labo-santal-33-50ml-b250124448e69.jpg]
[bizweb.dktcdn.net/thumb/1024x1024/100/503/826/products/le-labo-santal-33-fa66901a85514b-removebg-preview71cc.png]
[bizweb.dktcdn.net/100/503/826/products/le-labo-santal-33-fa66901a85514b-removebg-preview71cc.png]
[bizweb.dktcdn.net/thumb/1024x1024/100/503/826/products/33-d9f061c0f4274058a85a4b5cbcb6971cc.jpg]
[bizweb.dktcdn.net/100/503/826/products/33-d9f061c0f4274058a85a4b5cbcb6971cc.jpg]
[bizweb.dktcdn.net/thumb/1024x1024/100/503/826/products/le-labo-santal-33-50ml-b250124448e69.jpg]
[bizweb.dktcdn.net/100/503/826/products/le-labo-santal-33-50ml-b250124448e69.jpg]
[bizweb.dktcdn.net/thumb/medium/100/503/826/products/le-labo-santal-33-fa66901a85514b-removebg-preview71cc.png]
[bizweb.dktcdn.net/thumb/medium/100/503/826/products/33-d9f061c0f4274058a85a4b5cbcb6971cc.jpg]
[bizweb.dktcdn.net/thumb/medium/100/503/826/products/le-labo-santal-33-50ml-b250124448e69.jpg]
[bean-perfume.mysapo.net/nuoc-hoa-le-labo-santal-33.html]
[bean-perfume.mysapo.net/san-pham-khuyen-mai.html]
[bean-perfume.mysapo.net/san-pham-noi-bat.html]
[bizweb.dktcdn.net/thumb/grande/100/503/826/products/mancera-cedrat-boise-6698ab0d070-min-removebg-preview930f.png]
[bizweb.dktcdn.net/thumb/grande/100/503/826/products/cedrat-boise-1d595ec3e8b945888e32d01.jpg]
[bizweb.dktcdn.net/thumb/grande/100/503/826/products/cedrat-boise-1-643d26a1b4f94d3491828.jpg]
[bizweb.dktcdn.net/thumb/1024x1024/100/503/826/products/mancera-cedrat-boise-6698ab0d070-min-removebg-preview930f.png]
[bizweb.dktcdn.net/100/503/826/products/mancera-cedrat-boise-6698ab0d070-min-removebg-preview930f.png]
[bizweb.dktcdn.net/thumb/1024x1024/100/503/826/products/cedrat-boise-1d595ec3e8b945888e32d01.jpg]
[bizweb.dktcdn.net/100/503/826/products/cedrat-boise-1d595ec3e8b945888e32d01.jpg]
[bizweb.dktcdn.net/thumb/1024x1024/100/503/826/products/cedrat-boise-1-643d26a1b4f94d3491828.jpg]
[bizweb.dktcdn.net/100/503/826/products/cedrat-boise-1-643d26a1b4f94d3491828.jpg]
[bizweb.dktcdn.net/thumb/medium/100/503/826/products/mancera-cedrat-boise-6698ab0d070-min-removebg-preview930f.png]
[bizweb.dktcdn.net/thumb/medium/100/503/826/products/cedrat-boise-1d595ec3e8b945888e32d01.jpg]
[bizweb.dktcdn.net/thumb/medium/100/503/826/products/cedrat-boise-1-643d26a1b4f94d3491828.jpg]
[bean-perfume.mysapo.net/mancera-cedrat-boise.html]
[bizweb.dktcdn.net/thumb/grande/100/503/826/products/dior-sauvage-eau-de-toilette-1009060.png]
[bizweb.dktcdn.net/thumb/grande/100/503/826/products/dior-sauvage-eau-de-toiletteboxeaac.jpg]
[bizweb.dktcdn.net/thumb/grande/100/503/826/products/dior-sauvage-eau-de-toilette-27ceaac.jpg]
[bizweb.dktcdn.net/thumb/1024x1024/100/503/826/products/dior-sauvage-eau-de-toilette-1009060.png]
[bizweb.dktcdn.net/100/503/826/products/dior-sauvage-eau-de-toilette-1009060.png]
[bizweb.dktcdn.net/thumb/1024x1024/100/503/826/products/dior-sauvage-eau-de-toiletteboxeaac.jpg]
[bizweb.dktcdn.net/100/503/826/products/dior-sauvage-eau-de-toiletteboxeaac.jpg]
[bizweb.dktcdn.net/thumb/1024x1024/100/503/826/products/dior-sauvage-eau-de-toilette-27ceaac.jpg]
[bizweb.dktcdn.net/100/503/826/products/dior-sauvage-eau-de-toilette-27ceaac.jpg]
[bizweb.dktcdn.net/thumb/medium/100/503/826/products/dior-sauvage-eau-de-toilette-1009060.png]
[bizweb.dktcdn.net/thumb/medium/100/503/826/products/dior-sauvage-eau-de-toiletteboxeaac.jpg]
[bizweb.dktcdn.net/thumb/medium/100/503/826/products/dior-sauvage-eau-de-toilette-27ceaac.jpg]
[bizweb.dktcdn.net/100/503/826/products/dior-sauvage-eau-de-toilette-27c6cb2.jpg]
[bean-perfume.mysapo.net/dior-sauvage-eau-de-toilette.html]
[bizweb.dktcdn.net/thumb/grande/100/503/826/products/acqua-di-gio-edp-ca93ce28e1726b0.png]
[bizweb.dktcdn.net/thumb/grande/100/503/826/products/gio-acqua-di-gio-eau-de-parfum-226b0.jpg]
[bizweb.dktcdn.net/thumb/grande/100/503/826/products/acqua-di-gio-eau-de-parfum-c29cb6a2b1a84794805fbadbdc5f513c-master26b0.jpg]
[bizweb.dktcdn.net/thumb/1024x1024/100/503/826/products/acqua-di-gio-edp-ca93ce28e1726b0.png]
[bizweb.dktcdn.net/100/503/826/products/acqua-di-gio-edp-ca93ce28e1726b0.png]
[bizweb.dktcdn.net/thumb/1024x1024/100/503/826/products/gio-acqua-di-gio-eau-de-parfum-226b0.jpg]
[bizweb.dktcdn.net/100/503/826/products/gio-acqua-di-gio-eau-de-parfum-226b0.jpg]
[bizweb.dktcdn.net/thumb/1024x1024/100/503/826/products/acqua-di-gio-eau-de-parfum-c29cb6a2b1a84794805fbadbdc5f513c-master26b0.jpg]
[bizweb.dktcdn.net/100/503/826/products/acqua-di-gio-eau-de-parfum-c29cb6a2b1a84794805fbadbdc5f513c-master26b0.jpg]
[bizweb.dktcdn.net/thumb/1024x1024/100/503/826/products/gio-edp-75ml-8ee152daf1d6456ea7626b0.jpg]
[bizweb.dktcdn.net/100/503/826/products/gio-edp-75ml-8ee152daf1d6456ea7626b0.jpg]
[bizweb.dktcdn.net/thumb/medium/100/503/826/products/acqua-di-gio-edp-ca93ce28e1726b0.png]
[bizweb.dktcdn.net/thumb/medium/100/503/826/products/gio-acqua-di-gio-eau-de-parfum-226b0.jpg]
[bizweb.dktcdn.net/thumb/medium/100/503/826/products/acqua-di-gio-eau-de-parfum-c29cb6a2b1a84794805fbadbdc5f513c-master26b0.jpg]
[bizweb.dktcdn.net/thumb/medium/100/503/826/products/gio-edp-75ml-8ee152daf1d6456ea7626b0.jpg]
[bizweb.dktcdn.net/100/503/826/products/acqua-di-gio-eau-de-parfum-c29cb6a2b1a84794805fbadbdc5f513c-master813e.jpg]
[bean-perfume.mysapo.net/acqua-di-gio-eau-de-parfum.html]
[bizweb.dktcdn.net/thumb/grande/100/503/826/articles/5-huong-nuoc-hoa-ngot-ngao-day-tinh-te9901.jpg]
[bean-perfume.mysapo.net/https_/bizweb.dktcdn.net/100/503/826/articles/5-huong-nuoc-hoa-ngot-ngao-day-tinh-te.1489901.delayed]
[bizweb.dktcdn.net/100/503/826/files/photo-1-1662627692211943162940-1ee00.jpg]
[bizweb.dktcdn.net/100/503/826/files/photo-1-16626276969371162214359432c.jpg]
[bizweb.dktcdn.net/100/503/826/files/photo-2-16626276969671086297761c895.jpg]
[bizweb.dktcdn.net/100/503/826/files/photo-3-1662627697468165649229-1f1a2.jpg]
[bizweb.dktcdn.net/100/503/826/files/photo-4-166262769699115344583894c73.jpg]
[bizweb.dktcdn.net/100/503/826/themes/932476/assets/icon_face02fb.png]
[bizweb.dktcdn.net/100/503/826/themes/932476/assets/icon_print02fb.png]
[bizweb.dktcdn.net/100/503/826/themes/932476/assets/icon_tw02fb.png]
[bean-perfume.mysapo.net/5-huong-nuoc-hoa-ngot-ngao-day-tinh-te-ghi-dau-an-kho-phai.html]
[bizweb.dktcdn.net/thumb/grande/100/503/826/articles/khong-phai-toc-hay-co-day-moi-la-noi-ban-nen-xit-nuoc-hoa4b31.jpg]
[bean-perfume.mysapo.net/https_/bizweb.dktcdn.net/100/503/826/articles/khong-phai-toc-hay-co-day-moi-la-noi-ban-nen-xit-nuoc-hoa.1534b31.delayed]
[bizweb.dktcdn.net/100/503/826/files/photo-1-159621876887512351965049723.jpg]
[bizweb.dktcdn.net/100/503/826/files/photo-1-159621877354536047229-165dfc.jpg]
[bizweb.dktcdn.net/100/503/826/files/photo-2-1596218773547963683826-18d73.jpg]
[bizweb.dktcdn.net/100/503/826/files/photo-3-1596218773548922691338-14b7a.jpg]
[bizweb.dktcdn.net/100/503/826/files/photo-4-1596218773551670932901-127c4.jpg]
[bizweb.dktcdn.net/100/503/826/files/photo-5-159621877355255118698-16a7a4.jpg]
[bizweb.dktcdn.net/100/503/826/files/photo-6-1596218773554285442938-18286.jpg]
[bizweb.dktcdn.net/100/503/826/files/photo-7-1596218773557829897821-17cf3.jpg]
[bean-perfume.mysapo.net/khong-phai-toc-hay-co-day-moi-la-noi-ban-nen-xit-nuoc-hoa.html]
[bizweb.dktcdn.net/thumb/grande/100/503/826/articles/cach-chon-nuoc-hoa-mua-he-phu-hop-voi-phu-nu-cong-sod124.jpg]
[bean-perfume.mysapo.net/https_/bizweb.dktcdn.net/100/503/826/articles/cach-chon-nuoc-hoa-mua-he-phu-hop-voi-phu-nu-cong-so.15ed124.delayed]
[bizweb.dktcdn.net/100/503/826/files/bio-4-16850692640102086127754347.jpg]
[bizweb.dktcdn.net/100/503/826/files/tai-xuong-16850692640571080061549e3d.jpg]
[bizweb.dktcdn.net/100/503/826/files/myphamcacdai-nuoc-hoa-cho-nu-lan79e5.jpg]
[bean-perfume.mysapo.net/cach-chon-nuoc-hoa-mua-he-phu-hop-cong-so.html]
[bizweb.dktcdn.net/thumb/grande/100/503/826/articles/louis-vuitton-ra-mat-nuoc-hoa-pacific-chill-lay-cam-hung-tu-california1697.jpg]
[bean-perfume.mysapo.net/https_/bizweb.dktcdn.net/100/503/826/articles/louis-vuitton-ra-mat-nuoc-hoa-pacific-chill-lay-cam-hung-tu-california.1641697.delayed]
[bizweb.dktcdn.net/100/503/826/files/image001-1690619326-1690619397-47b64.jpg]
[bizweb.dktcdn.net/100/503/826/files/image005-4703-16906197054143.jpg]
[bizweb.dktcdn.net/100/503/826/files/image007-5256-1690619705b4ff.jpg]
[bean-perfume.mysapo.net/louis-vuitton-ra-mat-nuoc-hoa-pacific-chill-lay-cam-hung-tu-california.html]
[bizweb.dktcdn.net/thumb/grande/100/503/826/articles/thanh-pho-nam-giu-bi-mat-ve-nuoc-hoa78ef.jpg]
[bean-perfume.mysapo.net/https_/bizweb.dktcdn.net/100/503/826/articles/thanh-pho-nam-giu-bi-mat-ve-nuoc-hoa.16a78ef.delayed]
[bizweb.dktcdn.net/100/503/826/files/hoa2071023-169669302595734738996eb7b.jpg]
[bean-perfume.mysapo.net/thanh-pho-nam-giu-cac-bi-mat-ve-hoa-va-huong-nuoc-hoa.html]
[bizweb.dktcdn.net/thumb/grande/100/503/826/articles/5-cach-dung-nuoc-hoa-giup-luu-giu-huong8737.jpg]
[bean-perfume.mysapo.net/https_/bizweb.dktcdn.net/100/503/826/articles/5-cach-dung-nuoc-hoa-giup-luu-giu-huong.16e8737.delayed]
[bizweb.dktcdn.net/100/503/826/files/snapinstaapp33978307961855555306be3f.jpg]
[bizweb.dktcdn.net/100/503/826/files/1-169814000670012062534810928.jpg]
[bizweb.dktcdn.net/100/503/826/files/2-16981400068361582411439b368.jpg]
[bizweb.dktcdn.net/100/503/826/files/3-16981400068552046310000789b.jpg]
[bean-perfume.mysapo.net/5-cach-dung-nuoc-hoa-giup-luu-giu-huong-lau-trong-mua-lanh.html]
[bean-perfume.mysapo.net/chinh-sach-thanh-vien.html]
[bean-perfume.mysapo.net/chinh-sach-thanh-toan.html]
[bean-perfume.mysapo.net/chinh-sach-doi-san-pham.html]
[bean-perfume.mysapo.net/chinh-sach-bao-mat.html]
[bean-perfume.mysapo.net/chinh-sach-cong-tac-vien.html]
[bean-perfume.mysapo.net/huong-dan-mua-hang.html]
[bean-perfume.mysapo.net/huong-dan-doi-tra.html]
[bean-perfume.mysapo.net/huong-dan-thanh-toan.html]
[bean-perfume.mysapo.net/chuong-trinh-cong-tac-vien.html]
[bean-perfume.mysapo.net/giai-dap-thac-mac.html]
[bizweb.dktcdn.net/100/503/826/themes/932476/assets/ajaxcart.scss02fb.css]
[bean-perfume.mysapo.net/products/index.html]
[bizweb.dktcdn.net/100/503/826/themes/932476/assets/breadcrumb_style.scss02fb.css]
[bizweb.dktcdn.net/100/503/826/themes/932476/assets/paginate.scss02fb.css]
[bizweb.dktcdn.net/100/503/826/themes/932476/assets/style_page.scss02fb.css]
[bizweb.dktcdn.net/100/503/826/themes/932476/assets/ico-select_1cb2b.png]
[bizweb.dktcdn.net/100/503/826/themes/932476/assets/hethong.scss02fb.css]
[bizweb.dktcdn.net/thumb/grande/100/503/826/products/gucci-bloom-02f6ff28224143c6a35889fd.png]
[bizweb.dktcdn.net/thumb/grande/100/503/826/products/gucci-bloom-eau-de-parfum-for-he66b9.jpg]
[bizweb.dktcdn.net/thumb/1024x1024/100/503/826/products/gucci-bloom-02f6ff28224143c6a35889fd.png]
[bizweb.dktcdn.net/100/503/826/products/gucci-bloom-02f6ff28224143c6a35889fd.png]
[bizweb.dktcdn.net/thumb/1024x1024/100/503/826/products/gucci-bloom-eau-de-parfum-for-he66b9.jpg]
[bizweb.dktcdn.net/100/503/826/products/gucci-bloom-eau-de-parfum-for-he66b9.jpg]
[bizweb.dktcdn.net/thumb/medium/100/503/826/products/gucci-bloom-02f6ff28224143c6a35889fd.png]
[bizweb.dktcdn.net/thumb/medium/100/503/826/products/gucci-bloom-eau-de-parfum-for-he66b9.jpg]
[bean-perfume.mysapo.net/gucci-bloom-for-her-mini-size.html]
[bizweb.dktcdn.net/thumb/grande/100/503/826/products/tommy-hilfiger-tommy-girl-786135-removebg-preview3eae.png]
[bizweb.dktcdn.net/thumb/grande/100/503/826/products/tommy-hilfiger-tommy-girl-edt-3006f5.jpg]
[bizweb.dktcdn.net/thumb/grande/100/503/826/products/tommy-hilfiger-tommy-girl-50ml-f4a40.jpg]
[bizweb.dktcdn.net/thumb/1024x1024/100/503/826/products/tommy-hilfiger-tommy-girl-786135-removebg-preview3eae.png]
[bizweb.dktcdn.net/100/503/826/products/tommy-hilfiger-tommy-girl-786135-removebg-preview3eae.png]
[bizweb.dktcdn.net/thumb/1024x1024/100/503/826/products/tommy-hilfiger-tommy-girl-edt-3006f5.jpg]
[bizweb.dktcdn.net/100/503/826/products/tommy-hilfiger-tommy-girl-edt-3006f5.jpg]
[bizweb.dktcdn.net/thumb/1024x1024/100/503/826/products/tommy-hilfiger-tommy-girl-50ml-f4a40.jpg]
[bizweb.dktcdn.net/100/503/826/products/tommy-hilfiger-tommy-girl-50ml-f4a40.jpg]
[bizweb.dktcdn.net/thumb/medium/100/503/826/products/tommy-hilfiger-tommy-girl-786135-removebg-preview3eae.png]
[bizweb.dktcdn.net/thumb/medium/100/503/826/products/tommy-hilfiger-tommy-girl-edt-3006f5.jpg]
[bizweb.dktcdn.net/thumb/medium/100/503/826/products/tommy-hilfiger-tommy-girl-50ml-f4a40.jpg]
[bean-perfume.mysapo.net/tommy-hilfiger-tommy-girl.html]
[bizweb.dktcdn.net/thumb/grande/100/503/826/products/flora-gorgeous-preview4ca1.png]
[bizweb.dktcdn.net/thumb/grande/100/503/826/products/flora-gorgeous-gardenia-eau-de-p24ca1.jpg]
[bizweb.dktcdn.net/thumb/grande/100/503/826/products/flora-gorgeous-gardenia-eau-de-p34ca1.jpg]
[bizweb.dktcdn.net/thumb/1024x1024/100/503/826/products/flora-gorgeous-preview4ca1.png]
[bizweb.dktcdn.net/100/503/826/products/flora-gorgeous-preview4ca1.png]
[bizweb.dktcdn.net/thumb/1024x1024/100/503/826/products/flora-gorgeous-gardenia-eau-de-p24ca1.jpg]
[bizweb.dktcdn.net/100/503/826/products/flora-gorgeous-gardenia-eau-de-p24ca1.jpg]
[bizweb.dktcdn.net/thumb/1024x1024/100/503/826/products/flora-gorgeous-gardenia-eau-de-p34ca1.jpg]
[bizweb.dktcdn.net/100/503/826/products/flora-gorgeous-gardenia-eau-de-p34ca1.jpg]
[bizweb.dktcdn.net/thumb/medium/100/503/826/products/flora-gorgeous-preview4ca1.png]
[bizweb.dktcdn.net/thumb/medium/100/503/826/products/flora-gorgeous-gardenia-eau-de-p24ca1.jpg]
[bizweb.dktcdn.net/thumb/medium/100/503/826/products/flora-gorgeous-gardenia-eau-de-p34ca1.jpg]
[bean-perfume.mysapo.net/gucci-flora-gorgeous-gardenia.html]
[bean-perfume.mysapo.net/adidas.html]
[bean-perfume.mysapo.net/azzaro.html]
[bean-perfume.mysapo.net/amouage.html]
[bean-perfume.mysapo.net/alaia-paris.html]
[bean-perfume.mysapo.net/britney-spears.html]
[bean-perfume.mysapo.net/bvlgari.html]
[bean-perfume.mysapo.net/coach.html]
[bean-perfume.mysapo.net/creed.html]
[bean-perfume.mysapo.net/chloe.html]
[bean-perfume.mysapo.net/chanel.html]
[bean-perfume.mysapo.net/carolina-herrera.html]
[bean-perfume.mysapo.net/dolce-gabbana.html]
[bean-perfume.mysapo.net/elizabeth-taylor.html]
[bean-perfume.mysapo.net/etienne-aigner.html]
[bean-perfume.mysapo.net/elizabeth-arden.html]
[bean-perfume.mysapo.net/elie-saab.html]
[bean-perfume.mysapo.net/franck-boclet.html]
[bean-perfume.mysapo.net/ferrari.html]
[bean-perfume.mysapo.net/frederic-malle.html]
[bean-perfume.mysapo.net/geparlys.html]
[bean-perfume.mysapo.net/guess.html]
[bean-perfume.mysapo.net/givenchy.html]
[bean-perfume.mysapo.net/giorgio-armani.html]
[bean-perfume.mysapo.net/guerlain.html]
[bean-perfume.mysapo.net/hugo-boss.html]
[bean-perfume.mysapo.net/hermes.html]
[bean-perfume.mysapo.net/initio-parfums-prives.html]
[bean-perfume.mysapo.net/issey-miyake.html]
[bean-perfume.mysapo.net/joop.html]
[bean-perfume.mysapo.net/jimmy-choo.html]
[bean-perfume.mysapo.net/john-varvatos.html]
[bean-perfume.mysapo.net/juicy-couture.html]
[bean-perfume.mysapo.net/jean-paul-gaultier.html]
[bean-perfume.mysapo.net/karl-lagerfeld.html]
[bean-perfume.mysapo.net/kilian.html]
[bean-perfume.mysapo.net/kenzo.html]
[bean-perfume.mysapo.net/lidl.html]
[bean-perfume.mysapo.net/lolita-lempicka.html]
[bean-perfume.mysapo.net/lady-gaga.html]
[bean-perfume.mysapo.net/lomani.html]
[bean-perfume.mysapo.net/louis-vuitton.html]
[bean-perfume.mysapo.net/le-labo.html]
[bean-perfume.mysapo.net/lanvin.html]
[bean-perfume.mysapo.net/memo-paris.html]
[bean-perfume.mysapo.net/monotheme.html]
[bean-perfume.mysapo.net/mancera.html]
[bean-perfume.mysapo.net/moschino.html]
[bean-perfume.mysapo.net/maison-margiela.html]
[bizweb.dktcdn.net/100/503/826/themes/932476/assets/sidebar_style.scss02fb.css]
[bizweb.dktcdn.net/100/503/826/themes/932476/assets/collection_style.scss02fb.css]
[bizweb.dktcdn.net/thumb/grande/100/503/826/products/full-17bcae326b9040c383627b14f7e-removebg-previewa0a4.png]
[bizweb.dktcdn.net/thumb/grande/100/503/826/products/dream-tester-e3c10ad8fab24d73ae7788c.jpg]
[bizweb.dktcdn.net/thumb/grande/100/503/826/products/daisy-dream-marc-jacobs-ac7601fa788c.jpg]
[bizweb.dktcdn.net/thumb/1024x1024/100/503/826/products/full-17bcae326b9040c383627b14f7e-removebg-previewa0a4.png]
[bizweb.dktcdn.net/100/503/826/products/full-17bcae326b9040c383627b14f7e-removebg-previewa0a4.png]
[bizweb.dktcdn.net/thumb/1024x1024/100/503/826/products/dream-tester-e3c10ad8fab24d73ae7788c.jpg]
[bizweb.dktcdn.net/100/503/826/products/dream-tester-e3c10ad8fab24d73ae7788c.jpg]
[bizweb.dktcdn.net/thumb/1024x1024/100/503/826/products/daisy-dream-marc-jacobs-ac7601fa788c.jpg]
[bizweb.dktcdn.net/100/503/826/products/daisy-dream-marc-jacobs-ac7601fa788c.jpg]
[bizweb.dktcdn.net/thumb/medium/100/503/826/products/full-17bcae326b9040c383627b14f7e-removebg-previewa0a4.png]
[bizweb.dktcdn.net/thumb/medium/100/503/826/products/dream-tester-e3c10ad8fab24d73ae7788c.jpg]
[bizweb.dktcdn.net/thumb/medium/100/503/826/products/daisy-dream-marc-jacobs-ac7601fa788c.jpg]
[bean-perfume.mysapo.net/marc-jacobs-daisy-dream.html]
[bizweb.dktcdn.net/100/503/826/themes/932476/assets/jquery-ui-min.scss02fb.css]
[bizweb.dktcdn.net/thumb/grande/100/503/826/products/gray-for-men-1-min6ab0.png]
[bizweb.dktcdn.net/thumb/grande/100/503/826/products/grey-for-men25ecf.jpg]
[bizweb.dktcdn.net/thumb/1024x1024/100/503/826/products/gray-for-men-1-min6ab0.png]
[bizweb.dktcdn.net/100/503/826/products/gray-for-men-1-min6ab0.png]
[bizweb.dktcdn.net/thumb/1024x1024/100/503/826/products/grey-for-men25ecf.jpg]
[bizweb.dktcdn.net/100/503/826/products/grey-for-men25ecf.jpg]
[bizweb.dktcdn.net/thumb/medium/100/503/826/products/gray-for-men-1-min6ab0.png]
[bizweb.dktcdn.net/thumb/medium/100/503/826/products/grey-for-men25ecf.jpg]
[bizweb.dktcdn.net/100/503/826/files/grey-for-men2902f.jpg]
[bean-perfume.mysapo.net/nuoc-hoa-nam-ajmal-gray.html]
[bizweb.dktcdn.net/thumb/grande/100/503/826/products/amaze-bot-him-web-1-min7a93.png]
[bizweb.dktcdn.net/thumb/grande/100/503/826/products/amaze-box-him-web2-min10c5.jpg]
[bizweb.dktcdn.net/thumb/1024x1024/100/503/826/products/amaze-bot-him-web-1-min7a93.png]
[bizweb.dktcdn.net/100/503/826/products/amaze-bot-him-web-1-min7a93.png]
[bizweb.dktcdn.net/thumb/1024x1024/100/503/826/products/amaze-box-him-web2-min10c5.jpg]
[bizweb.dktcdn.net/100/503/826/products/amaze-box-him-web2-min10c5.jpg]
[bizweb.dktcdn.net/thumb/medium/100/503/826/products/amaze-bot-him-web-1-min7a93.png]
[bizweb.dktcdn.net/thumb/medium/100/503/826/products/amaze-box-him-web2-min10c5.jpg]
[bean-perfume.mysapo.net/nuoc-hoa-nam-ajmal-amaze.html]
[bizweb.dktcdn.net/thumb/grande/100/503/826/products/vision-for-men-1-min8e29.png]
[bizweb.dktcdn.net/thumb/grande/100/503/826/products/vision-for-men-2-minad7d.png]
[bizweb.dktcdn.net/thumb/grande/100/503/826/products/vision-for-men-3-min1bc7.png]
[bizweb.dktcdn.net/thumb/1024x1024/100/503/826/products/vision-for-men-1-min8e29.png]
[bizweb.dktcdn.net/100/503/826/products/vision-for-men-1-min8e29.png]
[bizweb.dktcdn.net/thumb/1024x1024/100/503/826/products/vision-for-men-2-minad7d.png]
[bizweb.dktcdn.net/100/503/826/products/vision-for-men-2-minad7d.png]
[bizweb.dktcdn.net/thumb/1024x1024/100/503/826/products/vision-for-men-3-min1bc7.png]
[bizweb.dktcdn.net/100/503/826/products/vision-for-men-3-min1bc7.png]
[bizweb.dktcdn.net/thumb/medium/100/503/826/products/vision-for-men-1-min8e29.png]
[bizweb.dktcdn.net/thumb/medium/100/503/826/products/vision-for-men-2-minad7d.png]
[bizweb.dktcdn.net/thumb/medium/100/503/826/products/vision-for-men-3-min1bc7.png]
[bean-perfume.mysapo.net/nuoc-hoa-nam-ajmal-vision.html]
[bizweb.dktcdn.net/thumb/grande/100/503/826/products/blu-homme1-2-1-min971a.png]
[bizweb.dktcdn.net/thumb/grande/100/503/826/products/510-x-460-2-min971a.jpg]
[bizweb.dktcdn.net/thumb/1024x1024/100/503/826/products/blu-homme1-2-1-min971a.png]
[bizweb.dktcdn.net/100/503/826/products/blu-homme1-2-1-min971a.png]
[bizweb.dktcdn.net/thumb/1024x1024/100/503/826/products/510-x-460-2-min971a.jpg]
[bizweb.dktcdn.net/100/503/826/products/510-x-460-2-min971a.jpg]
[bizweb.dktcdn.net/thumb/medium/100/503/826/products/blu-homme1-2-1-min971a.png]
[bizweb.dktcdn.net/thumb/medium/100/503/826/products/510-x-460-2-min971a.jpg]
[bean-perfume.mysapo.net/nuoc-hoa-jolie-dion-blue-60ml.html]
[bizweb.dktcdn.net/thumb/grande/100/503/826/products/wisal-dhahab-sprayaa1-min3f9f.png]
[bizweb.dktcdn.net/thumb/grande/100/503/826/products/wisal-dhahab-sprayaa2-min231d.png]
[bizweb.dktcdn.net/thumb/1024x1024/100/503/826/products/wisal-dhahab-sprayaa1-min3f9f.png]
[bizweb.dktcdn.net/100/503/826/products/wisal-dhahab-sprayaa1-min3f9f.png]
[bizweb.dktcdn.net/thumb/1024x1024/100/503/826/products/wisal-dhahab-sprayaa2-min231d.png]
[bizweb.dktcdn.net/100/503/826/products/wisal-dhahab-sprayaa2-min231d.png]
[bizweb.dktcdn.net/thumb/medium/100/503/826/products/wisal-dhahab-sprayaa1-min3f9f.png]
[bizweb.dktcdn.net/thumb/medium/100/503/826/products/wisal-dhahab-sprayaa2-min231d.png]
[bizweb.dktcdn.net/100/503/826/files/wisal-dhahab-sprayaa1-min12b8.png]
[bean-perfume.mysapo.net/nuoc-hoa-wisal-dhahab-spray.html]
[bizweb.dktcdn.net/thumb/grande/100/503/826/products/entice-him-edp-1-min9323.png]
[bizweb.dktcdn.net/thumb/1024x1024/100/503/826/products/entice-him-edp-1-min9323.png]
[bizweb.dktcdn.net/100/503/826/products/entice-him-edp-1-min9323.png]
[bizweb.dktcdn.net/thumb/medium/100/503/826/products/entice-him-edp-1-min9323.png]
[bizweb.dktcdn.net/100/503/826/files/entice-him-edp-1-min767f.png]
[bean-perfume.mysapo.net/nuoc-hoa-entice-for-men.html]
[bizweb.dktcdn.net/thumb/grande/100/503/826/products/evoke-her-14ml-edp-min4a13.png]
[bizweb.dktcdn.net/thumb/1024x1024/100/503/826/products/evoke-her-14ml-edp-min4a13.png]
[bizweb.dktcdn.net/100/503/826/products/evoke-her-14ml-edp-min4a13.png]
[bizweb.dktcdn.net/thumb/medium/100/503/826/products/evoke-her-14ml-edp-min4a13.png]
[bizweb.dktcdn.net/100/503/826/files/evoke-her-14ml-edp-min9963.png]
[bean-perfume.mysapo.net/nuoc-hoa-evoke-for-women.html]
[bizweb.dktcdn.net/thumb/grande/100/503/826/products/elixir-precious-for-women1865d.png]
[bizweb.dktcdn.net/thumb/grande/100/503/826/products/elixir-precious-for-women22e22.png]
[bizweb.dktcdn.net/thumb/1024x1024/100/503/826/products/elixir-precious-for-women1865d.png]
[bizweb.dktcdn.net/100/503/826/products/elixir-precious-for-women1865d.png]
[bizweb.dktcdn.net/thumb/1024x1024/100/503/826/products/elixir-precious-for-women22e22.png]
[bizweb.dktcdn.net/100/503/826/products/elixir-precious-for-women22e22.png]
[bizweb.dktcdn.net/thumb/medium/100/503/826/products/elixir-precious-for-women1865d.png]
[bizweb.dktcdn.net/thumb/medium/100/503/826/products/elixir-precious-for-women22e22.png]
[bizweb.dktcdn.net/100/503/826/files/elixir-precious-for-women1e735.png]
[bizweb.dktcdn.net/100/503/826/files/elixir-precious-for-women22213.png]
[bean-perfume.mysapo.net/nuoc-hoa-elixir-precious-for-women.html]
[bizweb.dktcdn.net/100/503/826/themes/932476/assets/blog_article_style.scss02fb.css]
[bean-perfume.mysapo.net/qui-tac-xit-nuoc-hoa-trong-mua-nang-can-than-de-tranh-ruoc-benh-ve-da.html]
[bean-perfume.mysapo.net/5-huong-nuoc-hoa-nam-duoc-phai-nu-ua-chuong.html]
[bean-perfume.mysapo.net/4-meo-hay-giup-lo-nuoc-hoa-cua-ban-luon-giu-duoc-mui-huong-ban-dau.html]
[bean-perfume.mysapo.net/tin-tuc4658.html]
[bizweb.dktcdn.net/100/503/826/themes/932476/assets/contact_style.scss02fb.css]
[bean-perfume.mysapo.net/tin-tuc2679.html]
[bizweb.dktcdn.net/100/503/826/themes/932476/assets/ico-selectcb2b.png]
[bizweb.dktcdn.net/100/503/826/themes/932476/assets/account_oder_style.scss02fb.css]
[bizweb.dktcdn.net/100/503/826/themes/932476/assets/cartpage.scss02fb.css]
[bizweb.dktcdn.net/100/503/826/themes/932476/assets/btn_icon_addcartcb2b.png]
[bizweb.dktcdn.net/100/503/826/themes/932476/assets/product_style.scss02fb.css]
[bizweb.dktcdn.net/100/503/826/themes/932476/assets/picbox.scss02fb.css]
[bean-perfume.mysapo.net/https_/bizweb.dktcdn.net/100/503/826/articles/5-huong-nuoc-hoa-ngot-ngao-day-tinh-te9901.html]
[bean-perfume.mysapo.net/https_/bizweb.dktcdn.net/100/503/826/articles/khong-phai-toc-hay-co-day-moi-la-noi-ban-nen-xit-nuoc-hoa4b31.html]
[bean-perfume.mysapo.net/https_/bizweb.dktcdn.net/100/503/826/articles/cach-chon-nuoc-hoa-mua-he-phu-hop-voi-phu-nu-cong-sod124.html]
[bean-perfume.mysapo.net/https_/bizweb.dktcdn.net/100/503/826/articles/louis-vuitton-ra-mat-nuoc-hoa-pacific-chill-lay-cam-hung-tu-california1697.html]
[bean-perfume.mysapo.net/https_/bizweb.dktcdn.net/100/503/826/articles/thanh-pho-nam-giu-bi-mat-ve-nuoc-hoa78ef.html]
[bean-perfume.mysapo.net/https_/bizweb.dktcdn.net/100/503/826/articles/5-cach-dung-nuoc-hoa-giup-luu-giu-huong8737.html]
[bizweb.dktcdn.net/100/503/826/themes/932476/assets/next_iconcb2b.png]
[bizweb.dktcdn.net/100/503/826/themes/932476/assets/prev_iconcb2b.png]
[bizweb.dktcdn.net/100/503/826/themes/932476/assets/images/ui-icons_555555_256x240.png]
[bizweb.dktcdn.net/100/503/826/themes/932476/assets/images/ui-icons_ffffff_256x240.png]
[bizweb.dktcdn.net/100/503/826/themes/932476/assets/images/ui-icons_777620_256x240.png]
[bizweb.dktcdn.net/100/503/826/themes/932476/assets/images/ui-icons_cc0000_256x240.png]
[bizweb.dktcdn.net/100/503/826/themes/932476/assets/images/ui-icons_777777_256x240.png]
[bizweb.dktcdn.net/100/503/826/themes/932476/assets/lg2cb2b.ttf]
[bizweb.dktcdn.net/thumb/grande/100/503/826/articles/qui-tac-xit-nuoc-hoa-trong-mua-nang-can-than-de-tranh-ruoc-benh-ve-dabb4e.jpg]
[bean-perfume.mysapo.net/https_/bizweb.dktcdn.net/100/503/826/articles/qui-tac-xit-nuoc-hoa-trong-mua-nang-can-than-de-tranh-ruoc-benh-ve-dabb4e.jpg]
[bizweb.dktcdn.net/100/503/826/files/xitnuochoa-149447654541778fe.jpg]
[bizweb.dktcdn.net/100/503/826/files/nang-1494476346544c0a1.jpg]
[bizweb.dktcdn.net/100/503/826/files/nang-1494476434258c116.jpg]
[bean-perfume.mysapo.net/qui-tac-xit-nuoc-hoa-trong-mua-nang-can-than-de-tranh-ruoc-benh-ve-da.html]
[bizweb.dktcdn.net/thumb/grande/100/503/826/articles/5-huong-nuoc-hoa-nam-duoc-phai-nu-ua-chuongaf89.jpg]
[bean-perfume.mysapo.net/https_/bizweb.dktcdn.net/100/503/826/articles/5-huong-nuoc-hoa-nam-duoc-phai-nu-ua-chuong.24baf89.delayed]
[bizweb.dktcdn.net/100/503/826/files/photo-6-166445014311321440733188ad4.jpg]
[bizweb.dktcdn.net/100/503/826/files/photo-5-166445013968810203258093fb4.jpg]
[bizweb.dktcdn.net/100/503/826/files/photo-4-1664450134161289284535-1fe3f.jpg]
[bizweb.dktcdn.net/100/503/826/files/photo-3-1664450130986501247028-17ced.jpg]
[bizweb.dktcdn.net/100/503/826/files/photo-2-166445012702013412726744cbb.jpg]
[bean-perfume.mysapo.net/5-huong-nuoc-hoa-nam-duoc-phai-nu-ua-chuong.html]
[bizweb.dktcdn.net/thumb/grande/100/503/826/articles/4-meo-hay-giup-lo-nuoc-hoa-cua-ban-luon-giu-duoc-mui4e94.jpg]
[bean-perfume.mysapo.net/https_/bizweb.dktcdn.net/100/503/826/articles/4-meo-hay-giup-lo-nuoc-hoa-cua-ban-luon-giu-duoc-mui.2534e94.delayed]
[bizweb.dktcdn.net/100/503/826/files/anhnan3efcf.jpg]
[bizweb.dktcdn.net/100/503/826/files/anh-1-157370665645398035237953ca.jpg]
[bizweb.dktcdn.net/100/503/826/files/anh-4-15737066658051913726160bc5.jpg]
[bean-perfume.mysapo.net/4-meo-hay-giup-lo-nuoc-hoa-cua-ban-luon-giu-duoc-mui-huong-ban-dau.html]
[bean-perfume.mysapo.net/tin-tuc2679.html]
[bean-perfume.mysapo.net/https_/bizweb.dktcdn.net/100/503/826/articles/qui-tac-xit-nuoc-hoa-trong-mua-nang-can-than-de-tranh-ruoc-benh-ve-dabb4e.html]
[bean-perfume.mysapo.net/https_/bizweb.dktcdn.net/100/503/826/articles/5-huong-nuoc-hoa-nam-duoc-phai-nu-ua-chuongaf89.html]
[bean-perfume.mysapo.net/https_/bizweb.dktcdn.net/100/503/826/articles/4-meo-hay-giup-lo-nuoc-hoa-cua-ban-luon-giu-duoc-mui4e94.html]
